in_source: |
  (prints read)

in_stdin: |
  pass123
out_stdout: |
  ============================================================
  pass123
out_log: |
  DEBUG   machine:emulate       started emeulation
  DEBUG   machine:decode        TICK:   0 IP:     0 TOS:         0 STACK[SP]:         0 STACK[SP-1]:         0 SP:   0 INSTR: push  ARG:         0
  DEBUG   machine:decode        TICK:   2 IP:    32 TOS:         0 STACK[SP]:         0 STACK[SP-1]:         0 SP:   1 INSTR: push  ARG:      6400
  DEBUG   machine:decode        TICK:   4 IP:    64 TOS:      6400 STACK[SP]:      6400 STACK[SP-1]:         0 SP:   2 INSTR: ld    ARG:         0
  DEBUG   machine:decode        TICK:   6 IP:    96 TOS:      6400 STACK[SP]:      6400 STACK[SP-1]:         0 SP:   2 INSTR: pop   ARG:         0
  DEBUG   machine:decode        TICK:   8 IP:   128 TOS:         0 STACK[SP]:         0 STACK[SP-1]:         0 SP:   1 INSTR: pop   ARG:         0
  DEBUG   machine:decode        TICK:  10 IP:   160 TOS:         0 STACK[SP]:         0 STACK[SP-1]:         0 SP:   0 INSTR: inp   ARG:         0
  DEBUG   machine:decode        TICK:  12 IP:   192 TOS:       112 STACK[SP]:       112 STACK[SP-1]:         0 SP:   1 INSTR: push  ARG:      6400
  DEBUG   machine:decode        TICK:  14 IP:   224 TOS:      6400 STACK[SP]:      6400 STACK[SP-1]:       112 SP:   2 INSTR: mov   ARG:         0
  DEBUG   machine:decode        TICK:  16 IP:   256 TOS:         0 STACK[SP]:         0 STACK[SP-1]:       112 SP:   2 INSTR: ld    ARG:         0
  DEBUG   machine:decode        TICK:  18 IP:   288 TOS:         0 STACK[SP]:         0 STACK[SP-1]:       112 SP:   2 INSTR: push  ARG:        32
  DEBUG   machine:decode        TICK:  20 IP:   320 TOS:        32 STACK[SP]:        32 STACK[SP-1]:         0 SP:   3 INSTR: add   ARG:         0
  DEBUG   machine:decode        TICK:  22 IP:   352 TOS:        32 STACK[SP]:        32 STACK[SP-1]:       112 SP:   2 INSTR: push  ARG:      6400
  DEBUG   machine:decode        TICK:  24 IP:   384 TOS:      6400 STACK[SP]:      6400 STACK[SP-1]:        32 SP:   3 INSTR: ld    ARG:         0
  DEBUG   machine:decode        TICK:  26 IP:   416 TOS:      6400 STACK[SP]:      6400 STACK[SP-1]:        32 SP:   3 INSTR: pop   ARG:         0
  DEBUG   machine:decode        TICK:  28 IP:   448 TOS:        32 STACK[SP]:        32 STACK[SP-1]:       112 SP:   2 INSTR: pop   ARG:         0
  DEBUG   machine:decode        TICK:  30 IP:   480 TOS:       112 STACK[SP]:       112 STACK[SP-1]:         0 SP:   1 INSTR: jz    ARG:       544
  DEBUG   machine:decode        TICK:  32 IP:   512 TOS:         0 STACK[SP]:         0 STACK[SP-1]:         0 SP:   0 INSTR: jump  ARG:       160
  DEBUG   machine:decode        TICK:  33 IP:   160 TOS:         0 STACK[SP]:         0 STACK[SP-1]:         0 SP:   0 INSTR: inp   ARG:         0
  DEBUG   machine:decode        TICK:  35 IP:   192 TOS:        97 STACK[SP]:        97 STACK[SP-1]:         0 SP:   1 INSTR: push  ARG:      6400
  DEBUG   machine:decode        TICK:  37 IP:   224 TOS:      6400 STACK[SP]:      6400 STACK[SP-1]:        97 SP:   2 INSTR: mov   ARG:         0
  DEBUG   machine:decode        TICK:  39 IP:   256 TOS:        32 STACK[SP]:        32 STACK[SP-1]:        97 SP:   2 INSTR: ld    ARG:         0
  DEBUG   machine:decode        TICK:  41 IP:   288 TOS:        32 STACK[SP]:        32 STACK[SP-1]:        97 SP:   2 INSTR: push  ARG:        32
  DEBUG   machine:decode        TICK:  43 IP:   320 TOS:        32 STACK[SP]:        32 STACK[SP-1]:        32 SP:   3 INSTR: add   ARG:         0
  DEBUG   machine:decode        TICK:  45 IP:   352 TOS:        64 STACK[SP]:        64 STACK[SP-1]:        97 SP:   2 INSTR: push  ARG:      6400
  DEBUG   machine:decode        TICK:  47 IP:   384 TOS:      6400 STACK[SP]:      6400 STACK[SP-1]:        64 SP:   3 INSTR: ld    ARG:         0
  DEBUG   machine:decode        TICK:  49 IP:   416 TOS:      6400 STACK[SP]:      6400 STACK[SP-1]:        64 SP:   3 INSTR: pop   ARG:         0
  DEBUG   machine:decode        TICK:  51 IP:   448 TOS:        64 STACK[SP]:        64 STACK[SP-1]:        97 SP:   2 INSTR: pop   ARG:         0
  DEBUG   machine:decode        TICK:  53 IP:   480 TOS:        97 STACK[SP]:        97 STACK[SP-1]:         0 SP:   1 INSTR: jz    ARG:       544
  DEBUG   machine:decode        TICK:  55 IP:   512 TOS:         0 STACK[SP]:         0 STACK[SP-1]:         0 SP:   0 INSTR: jump  ARG:       160
  DEBUG   machine:decode        TICK:  56 IP:   160 TOS:         0 STACK[SP]:         0 STACK[SP-1]:         0 SP:   0 INSTR: inp   ARG:         0
  DEBUG   machine:decode        TICK:  58 IP:   192 TOS:       115 STACK[SP]:       115 STACK[SP-1]:         0 SP:   1 INSTR: push  ARG:      6400
  DEBUG   machine:decode        TICK:  60 IP:   224 TOS:      6400 STACK[SP]:      6400 STACK[SP-1]:       115 SP:   2 INSTR: mov   ARG:         0
  DEBUG   machine:decode        TICK:  62 IP:   256 TOS:        64 STACK[SP]:        64 STACK[SP-1]:       115 SP:   2 INSTR: ld    ARG:         0
  DEBUG   machine:decode        TICK:  64 IP:   288 TOS:        64 STACK[SP]:        64 STACK[SP-1]:       115 SP:   2 INSTR: push  ARG:        32
  DEBUG   machine:decode        TICK:  66 IP:   320 TOS:        32 STACK[SP]:        32 STACK[SP-1]:        64 SP:   3 INSTR: add   ARG:         0
  DEBUG   machine:decode        TICK:  68 IP:   352 TOS:        96 STACK[SP]:        96 STACK[SP-1]:       115 SP:   2 INSTR: push  ARG:      6400
  DEBUG   machine:decode        TICK:  70 IP:   384 TOS:      6400 STACK[SP]:      6400 STACK[SP-1]:        96 SP:   3 INSTR: ld    ARG:         0
  DEBUG   machine:decode        TICK:  72 IP:   416 TOS:      6400 STACK[SP]:      6400 STACK[SP-1]:        96 SP:   3 INSTR: pop   ARG:         0
  DEBUG   machine:decode        TICK:  74 IP:   448 TOS:        96 STACK[SP]:        96 STACK[SP-1]:       115 SP:   2 INSTR: pop   ARG:         0
  DEBUG   machine:decode        TICK:  76 IP:   480 TOS:       115 STACK[SP]:       115 STACK[SP-1]:         0 SP:   1 INSTR: jz    ARG:       544
  DEBUG   machine:decode        TICK:  78 IP:   512 TOS:         0 STACK[SP]:         0 STACK[SP-1]:         0 SP:   0 INSTR: jump  ARG:       160
  DEBUG   machine:decode        TICK:  79 IP:   160 TOS:         0 STACK[SP]:         0 STACK[SP-1]:         0 SP:   0 INSTR: inp   ARG:         0
  DEBUG   machine:decode        TICK:  81 IP:   192 TOS:       115 STACK[SP]:       115 STACK[SP-1]:         0 SP:   1 INSTR: push  ARG:      6400
  DEBUG   machine:decode        TICK:  83 IP:   224 TOS:      6400 STACK[SP]:      6400 STACK[SP-1]:       115 SP:   2 INSTR: mov   ARG:         0
  DEBUG   machine:decode        TICK:  85 IP:   256 TOS:        96 STACK[SP]:        96 STACK[SP-1]:       115 SP:   2 INSTR: ld    ARG:         0
  DEBUG   machine:decode        TICK:  87 IP:   288 TOS:        96 STACK[SP]:        96 STACK[SP-1]:       115 SP:   2 INSTR: push  ARG:        32
  DEBUG   machine:decode        TICK:  89 IP:   320 TOS:        32 STACK[SP]:        32 STACK[SP-1]:        96 SP:   3 INSTR: add   ARG:         0
  DEBUG   machine:decode        TICK:  91 IP:   352 TOS:       128 STACK[SP]:       128 STACK[SP-1]:       115 SP:   2 INSTR: push  ARG:      6400
  DEBUG   machine:decode        TICK:  93 IP:   384 TOS:      6400 STACK[SP]:      6400 STACK[SP-1]:       128 SP:   3 INSTR: ld    ARG:         0
  DEBUG   machine:decode        TICK:  95 IP:   416 TOS:      6400 STACK[SP]:      6400 STACK[SP-1]:       128 SP:   3 INSTR: pop   ARG:         0
  DEBUG   machine:decode        TICK:  97 IP:   448 TOS:       128 STACK[SP]:       128 STACK[SP-1]:       115 SP:   2 INSTR: pop   ARG:         0
  DEBUG   machine:decode        TICK:  99 IP:   480 TOS:       115 STACK[SP]:       115 STACK[SP-1]:         0 SP:   1 INSTR: jz    ARG:       544
  DEBUG   machine:decode        TICK: 101 IP:   512 TOS:         0 STACK[SP]:         0 STACK[SP-1]:         0 SP:   0 INSTR: jump  ARG:       160
  DEBUG   machine:decode        TICK: 102 IP:   160 TOS:         0 STACK[SP]:         0 STACK[SP-1]:         0 SP:   0 INSTR: inp   ARG:         0
  DEBUG   machine:decode        TICK: 104 IP:   192 TOS:        49 STACK[SP]:        49 STACK[SP-1]:         0 SP:   1 INSTR: push  ARG:      6400
  DEBUG   machine:decode        TICK: 106 IP:   224 TOS:      6400 STACK[SP]:      6400 STACK[SP-1]:        49 SP:   2 INSTR: mov   ARG:         0
  DEBUG   machine:decode        TICK: 108 IP:   256 TOS:       128 STACK[SP]:       128 STACK[SP-1]:        49 SP:   2 INSTR: ld    ARG:         0
  DEBUG   machine:decode        TICK: 110 IP:   288 TOS:       128 STACK[SP]:       128 STACK[SP-1]:        49 SP:   2 INSTR: push  ARG:        32
  DEBUG   machine:decode        TICK: 112 IP:   320 TOS:        32 STACK[SP]:        32 STACK[SP-1]:       128 SP:   3 INSTR: add   ARG:         0
  DEBUG   machine:decode        TICK: 114 IP:   352 TOS:       160 STACK[SP]:       160 STACK[SP-1]:        49 SP:   2 INSTR: push  ARG:      6400
  DEBUG   machine:decode        TICK: 116 IP:   384 TOS:      6400 STACK[SP]:      6400 STACK[SP-1]:       160 SP:   3 INSTR: ld    ARG:         0
  DEBUG   machine:decode        TICK: 118 IP:   416 TOS:      6400 STACK[SP]:      6400 STACK[SP-1]:       160 SP:   3 INSTR: pop   ARG:         0
  DEBUG   machine:decode        TICK: 120 IP:   448 TOS:       160 STACK[SP]:       160 STACK[SP-1]:        49 SP:   2 INSTR: pop   ARG:         0
  DEBUG   machine:decode        TICK: 122 IP:   480 TOS:        49 STACK[SP]:        49 STACK[SP-1]:         0 SP:   1 INSTR: jz    ARG:       544
  DEBUG   machine:decode        TICK: 124 IP:   512 TOS:         0 STACK[SP]:         0 STACK[SP-1]:         0 SP:   0 INSTR: jump  ARG:       160
  DEBUG   machine:decode        TICK: 125 IP:   160 TOS:         0 STACK[SP]:         0 STACK[SP-1]:         0 SP:   0 INSTR: inp   ARG:         0
  DEBUG   machine:decode        TICK: 127 IP:   192 TOS:        50 STACK[SP]:        50 STACK[SP-1]:         0 SP:   1 INSTR: push  ARG:      6400
  DEBUG   machine:decode        TICK: 129 IP:   224 TOS:      6400 STACK[SP]:      6400 STACK[SP-1]:        50 SP:   2 INSTR: mov   ARG:         0
  DEBUG   machine:decode        TICK: 131 IP:   256 TOS:       160 STACK[SP]:       160 STACK[SP-1]:        50 SP:   2 INSTR: ld    ARG:         0
  DEBUG   machine:decode        TICK: 133 IP:   288 TOS:       160 STACK[SP]:       160 STACK[SP-1]:        50 SP:   2 INSTR: push  ARG:        32
  DEBUG   machine:decode        TICK: 135 IP:   320 TOS:        32 STACK[SP]:        32 STACK[SP-1]:       160 SP:   3 INSTR: add   ARG:         0
  DEBUG   machine:decode        TICK: 137 IP:   352 TOS:       192 STACK[SP]:       192 STACK[SP-1]:        50 SP:   2 INSTR: push  ARG:      6400
  DEBUG   machine:decode        TICK: 139 IP:   384 TOS:      6400 STACK[SP]:      6400 STACK[SP-1]:       192 SP:   3 INSTR: ld    ARG:         0
  DEBUG   machine:decode        TICK: 141 IP:   416 TOS:      6400 STACK[SP]:      6400 STACK[SP-1]:       192 SP:   3 INSTR: pop   ARG:         0
  DEBUG   machine:decode        TICK: 143 IP:   448 TOS:       192 STACK[SP]:       192 STACK[SP-1]:        50 SP:   2 INSTR: pop   ARG:         0
  DEBUG   machine:decode        TICK: 145 IP:   480 TOS:        50 STACK[SP]:        50 STACK[SP-1]:         0 SP:   1 INSTR: jz    ARG:       544
  DEBUG   machine:decode        TICK: 147 IP:   512 TOS:         0 STACK[SP]:         0 STACK[SP-1]:         0 SP:   0 INSTR: jump  ARG:       160
  DEBUG   machine:decode        TICK: 148 IP:   160 TOS:         0 STACK[SP]:         0 STACK[SP-1]:         0 SP:   0 INSTR: inp   ARG:         0
  DEBUG   machine:decode        TICK: 150 IP:   192 TOS:        51 STACK[SP]:        51 STACK[SP-1]:         0 SP:   1 INSTR: push  ARG:      6400
  DEBUG   machine:decode        TICK: 152 IP:   224 TOS:      6400 STACK[SP]:      6400 STACK[SP-1]:        51 SP:   2 INSTR: mov   ARG:         0
  DEBUG   machine:decode        TICK: 154 IP:   256 TOS:       192 STACK[SP]:       192 STACK[SP-1]:        51 SP:   2 INSTR: ld    ARG:         0
  DEBUG   machine:decode        TICK: 156 IP:   288 TOS:       192 STACK[SP]:       192 STACK[SP-1]:        51 SP:   2 INSTR: push  ARG:        32
  DEBUG   machine:decode        TICK: 158 IP:   320 TOS:        32 STACK[SP]:        32 STACK[SP-1]:       192 SP:   3 INSTR: add   ARG:         0
  DEBUG   machine:decode        TICK: 160 IP:   352 TOS:       224 STACK[SP]:       224 STACK[SP-1]:        51 SP:   2 INSTR: push  ARG:      6400
  DEBUG   machine:decode        TICK: 162 IP:   384 TOS:      6400 STACK[SP]:      6400 STACK[SP-1]:       224 SP:   3 INSTR: ld    ARG:         0
  DEBUG   machine:decode        TICK: 164 IP:   416 TOS:      6400 STACK[SP]:      6400 STACK[SP-1]:       224 SP:   3 INSTR: pop   ARG:         0
  DEBUG   machine:decode        TICK: 166 IP:   448 TOS:       224 STACK[SP]:       224 STACK[SP-1]:        51 SP:   2 INSTR: pop   ARG:         0
  DEBUG   machine:decode        TICK: 168 IP:   480 TOS:        51 STACK[SP]:        51 STACK[SP-1]:         0 SP:   1 INSTR: jz    ARG:       544
  DEBUG   machine:decode        TICK: 170 IP:   512 TOS:         0 STACK[SP]:         0 STACK[SP-1]:         0 SP:   0 INSTR: jump  ARG:       160
  DEBUG   machine:decode        TICK: 171 IP:   160 TOS:         0 STACK[SP]:         0 STACK[SP-1]:         0 SP:   0 INSTR: inp   ARG:         0
  DEBUG   machine:decode        TICK: 173 IP:   192 TOS:        10 STACK[SP]:        10 STACK[SP-1]:         0 SP:   1 INSTR: push  ARG:      6400
  DEBUG   machine:decode        TICK: 175 IP:   224 TOS:      6400 STACK[SP]:      6400 STACK[SP-1]:        10 SP:   2 INSTR: mov   ARG:         0
  DEBUG   machine:decode        TICK: 177 IP:   256 TOS:       224 STACK[SP]:       224 STACK[SP-1]:        10 SP:   2 INSTR: ld    ARG:         0
  DEBUG   machine:decode        TICK: 179 IP:   288 TOS:       224 STACK[SP]:       224 STACK[SP-1]:        10 SP:   2 INSTR: push  ARG:        32
  DEBUG   machine:decode        TICK: 181 IP:   320 TOS:        32 STACK[SP]:        32 STACK[SP-1]:       224 SP:   3 INSTR: add   ARG:         0
  DEBUG   machine:decode        TICK: 183 IP:   352 TOS:       256 STACK[SP]:       256 STACK[SP-1]:        10 SP:   2 INSTR: push  ARG:      6400
  DEBUG   machine:decode        TICK: 185 IP:   384 TOS:      6400 STACK[SP]:      6400 STACK[SP-1]:       256 SP:   3 INSTR: ld    ARG:         0
  DEBUG   machine:decode        TICK: 187 IP:   416 TOS:      6400 STACK[SP]:      6400 STACK[SP-1]:       256 SP:   3 INSTR: pop   ARG:         0
  DEBUG   machine:decode        TICK: 189 IP:   448 TOS:       256 STACK[SP]:       256 STACK[SP-1]:        10 SP:   2 INSTR: pop   ARG:         0
  DEBUG   machine:decode        TICK: 191 IP:   480 TOS:        10 STACK[SP]:        10 STACK[SP-1]:         0 SP:   1 INSTR: jz    ARG:       544
  DEBUG   machine:decode        TICK: 193 IP:   512 TOS:         0 STACK[SP]:         0 STACK[SP-1]:         0 SP:   0 INSTR: jump  ARG:       160
  DEBUG   machine:decode        TICK: 194 IP:   160 TOS:         0 STACK[SP]:         0 STACK[SP-1]:         0 SP:   0 INSTR: inp   ARG:         0
  DEBUG   machine:decode        TICK: 196 IP:   192 TOS:         0 STACK[SP]:         0 STACK[SP-1]:         0 SP:   1 INSTR: push  ARG:      6400
  DEBUG   machine:decode        TICK: 198 IP:   224 TOS:      6400 STACK[SP]:      6400 STACK[SP-1]:         0 SP:   2 INSTR: mov   ARG:         0
  DEBUG   machine:decode        TICK: 200 IP:   256 TOS:       256 STACK[SP]:       256 STACK[SP-1]:         0 SP:   2 INSTR: ld    ARG:         0
  DEBUG   machine:decode        TICK: 202 IP:   288 TOS:       256 STACK[SP]:       256 STACK[SP-1]:         0 SP:   2 INSTR: push  ARG:        32
  DEBUG   machine:decode        TICK: 204 IP:   320 TOS:        32 STACK[SP]:        32 STACK[SP-1]:       256 SP:   3 INSTR: add   ARG:         0
  DEBUG   machine:decode        TICK: 206 IP:   352 TOS:       288 STACK[SP]:       288 STACK[SP-1]:         0 SP:   2 INSTR: push  ARG:      6400
  DEBUG   machine:decode        TICK: 208 IP:   384 TOS:      6400 STACK[SP]:      6400 STACK[SP-1]:       288 SP:   3 INSTR: ld    ARG:         0
  DEBUG   machine:decode        TICK: 210 IP:   416 TOS:      6400 STACK[SP]:      6400 STACK[SP-1]:       288 SP:   3 INSTR: pop   ARG:         0
  DEBUG   machine:decode        TICK: 212 IP:   448 TOS:       288 STACK[SP]:       288 STACK[SP-1]:         0 SP:   2 INSTR: pop   ARG:         0
  DEBUG   machine:decode        TICK: 214 IP:   480 TOS:         0 STACK[SP]:         0 STACK[SP-1]:         0 SP:   1 INSTR: jz    ARG:       544
  DEBUG   machine:decode        TICK: 216 IP:   544 TOS:         0 STACK[SP]:         0 STACK[SP-1]:         0 SP:   0 INSTR: push  ARG:         0
  DEBUG   machine:decode        TICK: 218 IP:   576 TOS:         0 STACK[SP]:         0 STACK[SP-1]:         0 SP:   1 INSTR: push  ARG:      6432
  DEBUG   machine:decode        TICK: 220 IP:   608 TOS:      6432 STACK[SP]:      6432 STACK[SP-1]:         0 SP:   2 INSTR: ld    ARG:         0
  DEBUG   machine:decode        TICK: 222 IP:   640 TOS:      6432 STACK[SP]:      6432 STACK[SP-1]:         0 SP:   2 INSTR: pop   ARG:         0
  DEBUG   machine:decode        TICK: 224 IP:   672 TOS:         0 STACK[SP]:         0 STACK[SP-1]:         0 SP:   1 INSTR: pop   ARG:         0
  DEBUG   machine:decode        TICK: 226 IP:   704 TOS:         0 STACK[SP]:         0 STACK[SP-1]:         0 SP:   0 INSTR: push  ARG:      6432
  DEBUG   machine:decode        TICK: 228 IP:   736 TOS:      6432 STACK[SP]:      6432 STACK[SP-1]:         0 SP:   1 INSTR: mov   ARG:         0
  DEBUG   machine:decode        TICK: 230 IP:   768 TOS:         0 STACK[SP]:         0 STACK[SP-1]:         0 SP:   1 INSTR: mov   ARG:         0
  DEBUG   machine:decode        TICK: 232 IP:   800 TOS:       112 STACK[SP]:       112 STACK[SP-1]:         0 SP:   1 INSTR: outc  ARG:         0
  DEBUG   machine:decode        TICK: 233 IP:   832 TOS:       112 STACK[SP]:       112 STACK[SP-1]:         0 SP:   1 INSTR: push  ARG:      6432
  DEBUG   machine:decode        TICK: 235 IP:   864 TOS:      6432 STACK[SP]:      6432 STACK[SP-1]:       112 SP:   2 INSTR: mov   ARG:         0
  DEBUG   machine:decode        TICK: 237 IP:   896 TOS:         0 STACK[SP]:         0 STACK[SP-1]:       112 SP:   2 INSTR: push  ARG:        32
  DEBUG   machine:decode        TICK: 239 IP:   928 TOS:        32 STACK[SP]:        32 STACK[SP-1]:         0 SP:   3 INSTR: add   ARG:         0
  DEBUG   machine:decode        TICK: 241 IP:   960 TOS:        32 STACK[SP]:        32 STACK[SP-1]:       112 SP:   2 INSTR: push  ARG:      6432
  DEBUG   machine:decode        TICK: 243 IP:   992 TOS:      6432 STACK[SP]:      6432 STACK[SP-1]:        32 SP:   3 INSTR: ld    ARG:         0
  DEBUG   machine:decode        TICK: 245 IP:  1024 TOS:      6432 STACK[SP]:      6432 STACK[SP-1]:        32 SP:   3 INSTR: pop   ARG:         0
  DEBUG   machine:decode        TICK: 247 IP:  1056 TOS:        32 STACK[SP]:        32 STACK[SP-1]:       112 SP:   2 INSTR: pop   ARG:         0
  DEBUG   machine:decode        TICK: 249 IP:  1088 TOS:       112 STACK[SP]:       112 STACK[SP-1]:         0 SP:   1 INSTR: jz    ARG:      1152
  DEBUG   machine:decode        TICK: 251 IP:  1120 TOS:         0 STACK[SP]:         0 STACK[SP-1]:         0 SP:   0 INSTR: jump  ARG:       704
  DEBUG   machine:decode        TICK: 252 IP:   704 TOS:         0 STACK[SP]:         0 STACK[SP-1]:         0 SP:   0 INSTR: push  ARG:      6432
  DEBUG   machine:decode        TICK: 254 IP:   736 TOS:      6432 STACK[SP]:      6432 STACK[SP-1]:         0 SP:   1 INSTR: mov   ARG:         0
  DEBUG   machine:decode        TICK: 256 IP:   768 TOS:        32 STACK[SP]:        32 STACK[SP-1]:         0 SP:   1 INSTR: mov   ARG:         0
  DEBUG   machine:decode        TICK: 258 IP:   800 TOS:        97 STACK[SP]:        97 STACK[SP-1]:         0 SP:   1 INSTR: outc  ARG:         0
  DEBUG   machine:decode        TICK: 259 IP:   832 TOS:        97 STACK[SP]:        97 STACK[SP-1]:         0 SP:   1 INSTR: push  ARG:      6432
  DEBUG   machine:decode        TICK: 261 IP:   864 TOS:      6432 STACK[SP]:      6432 STACK[SP-1]:        97 SP:   2 INSTR: mov   ARG:         0
  DEBUG   machine:decode        TICK: 263 IP:   896 TOS:        32 STACK[SP]:        32 STACK[SP-1]:        97 SP:   2 INSTR: push  ARG:        32
  DEBUG   machine:decode        TICK: 265 IP:   928 TOS:        32 STACK[SP]:        32 STACK[SP-1]:        32 SP:   3 INSTR: add   ARG:         0
  DEBUG   machine:decode        TICK: 267 IP:   960 TOS:        64 STACK[SP]:        64 STACK[SP-1]:        97 SP:   2 INSTR: push  ARG:      6432
  DEBUG   machine:decode        TICK: 269 IP:   992 TOS:      6432 STACK[SP]:      6432 STACK[SP-1]:        64 SP:   3 INSTR: ld    ARG:         0
  DEBUG   machine:decode        TICK: 271 IP:  1024 TOS:      6432 STACK[SP]:      6432 STACK[SP-1]:        64 SP:   3 INSTR: pop   ARG:         0
  DEBUG   machine:decode        TICK: 273 IP:  1056 TOS:        64 STACK[SP]:        64 STACK[SP-1]:        97 SP:   2 INSTR: pop   ARG:         0
  DEBUG   machine:decode        TICK: 275 IP:  1088 TOS:        97 STACK[SP]:        97 STACK[SP-1]:         0 SP:   1 INSTR: jz    ARG:      1152
  DEBUG   machine:decode        TICK: 277 IP:  1120 TOS:         0 STACK[SP]:         0 STACK[SP-1]:         0 SP:   0 INSTR: jump  ARG:       704
  DEBUG   machine:decode        TICK: 278 IP:   704 TOS:         0 STACK[SP]:         0 STACK[SP-1]:         0 SP:   0 INSTR: push  ARG:      6432
  DEBUG   machine:decode        TICK: 280 IP:   736 TOS:      6432 STACK[SP]:      6432 STACK[SP-1]:         0 SP:   1 INSTR: mov   ARG:         0
  DEBUG   machine:decode        TICK: 282 IP:   768 TOS:        64 STACK[SP]:        64 STACK[SP-1]:         0 SP:   1 INSTR: mov   ARG:         0
  DEBUG   machine:decode        TICK: 284 IP:   800 TOS:       115 STACK[SP]:       115 STACK[SP-1]:         0 SP:   1 INSTR: outc  ARG:         0
  DEBUG   machine:decode        TICK: 285 IP:   832 TOS:       115 STACK[SP]:       115 STACK[SP-1]:         0 SP:   1 INSTR: push  ARG:      6432
  DEBUG   machine:decode        TICK: 287 IP:   864 TOS:      6432 STACK[SP]:      6432 STACK[SP-1]:       115 SP:   2 INSTR: mov   ARG:         0
  DEBUG   machine:decode        TICK: 289 IP:   896 TOS:        64 STACK[SP]:        64 STACK[SP-1]:       115 SP:   2 INSTR: push  ARG:        32
  DEBUG   machine:decode        TICK: 291 IP:   928 TOS:        32 STACK[SP]:        32 STACK[SP-1]:        64 SP:   3 INSTR: add   ARG:         0
  DEBUG   machine:decode        TICK: 293 IP:   960 TOS:        96 STACK[SP]:        96 STACK[SP-1]:       115 SP:   2 INSTR: push  ARG:      6432
  DEBUG   machine:decode        TICK: 295 IP:   992 TOS:      6432 STACK[SP]:      6432 STACK[SP-1]:        96 SP:   3 INSTR: ld    ARG:         0
  DEBUG   machine:decode        TICK: 297 IP:  1024 TOS:      6432 STACK[SP]:      6432 STACK[SP-1]:        96 SP:   3 INSTR: pop   ARG:         0
  DEBUG   machine:decode        TICK: 299 IP:  1056 TOS:        96 STACK[SP]:        96 STACK[SP-1]:       115 SP:   2 INSTR: pop   ARG:         0
  DEBUG   machine:decode        TICK: 301 IP:  1088 TOS:       115 STACK[SP]:       115 STACK[SP-1]:         0 SP:   1 INSTR: jz    ARG:      1152
  DEBUG   machine:decode        TICK: 303 IP:  1120 TOS:         0 STACK[SP]:         0 STACK[SP-1]:         0 SP:   0 INSTR: jump  ARG:       704
  DEBUG   machine:decode        TICK: 304 IP:   704 TOS:         0 STACK[SP]:         0 STACK[SP-1]:         0 SP:   0 INSTR: push  ARG:      6432
  DEBUG   machine:decode        TICK: 306 IP:   736 TOS:      6432 STACK[SP]:      6432 STACK[SP-1]:         0 SP:   1 INSTR: mov   ARG:         0
  DEBUG   machine:decode        TICK: 308 IP:   768 TOS:        96 STACK[SP]:        96 STACK[SP-1]:         0 SP:   1 INSTR: mov   ARG:         0
  DEBUG   machine:decode        TICK: 310 IP:   800 TOS:       115 STACK[SP]:       115 STACK[SP-1]:         0 SP:   1 INSTR: outc  ARG:         0
  DEBUG   machine:decode        TICK: 311 IP:   832 TOS:       115 STACK[SP]:       115 STACK[SP-1]:         0 SP:   1 INSTR: push  ARG:      6432
  DEBUG   machine:decode        TICK: 313 IP:   864 TOS:      6432 STACK[SP]:      6432 STACK[SP-1]:       115 SP:   2 INSTR: mov   ARG:         0
  DEBUG   machine:decode        TICK: 315 IP:   896 TOS:        96 STACK[SP]:        96 STACK[SP-1]:       115 SP:   2 INSTR: push  ARG:        32
  DEBUG   machine:decode        TICK: 317 IP:   928 TOS:        32 STACK[SP]:        32 STACK[SP-1]:        96 SP:   3 INSTR: add   ARG:         0
  DEBUG   machine:decode        TICK: 319 IP:   960 TOS:       128 STACK[SP]:       128 STACK[SP-1]:       115 SP:   2 INSTR: push  ARG:      6432
  DEBUG   machine:decode        TICK: 321 IP:   992 TOS:      6432 STACK[SP]:      6432 STACK[SP-1]:       128 SP:   3 INSTR: ld    ARG:         0
  DEBUG   machine:decode        TICK: 323 IP:  1024 TOS:      6432 STACK[SP]:      6432 STACK[SP-1]:       128 SP:   3 INSTR: pop   ARG:         0
  DEBUG   machine:decode        TICK: 325 IP:  1056 TOS:       128 STACK[SP]:       128 STACK[SP-1]:       115 SP:   2 INSTR: pop   ARG:         0
  DEBUG   machine:decode        TICK: 327 IP:  1088 TOS:       115 STACK[SP]:       115 STACK[SP-1]:         0 SP:   1 INSTR: jz    ARG:      1152
  DEBUG   machine:decode        TICK: 329 IP:  1120 TOS:         0 STACK[SP]:         0 STACK[SP-1]:         0 SP:   0 INSTR: jump  ARG:       704
  DEBUG   machine:decode        TICK: 330 IP:   704 TOS:         0 STACK[SP]:         0 STACK[SP-1]:         0 SP:   0 INSTR: push  ARG:      6432
  DEBUG   machine:decode        TICK: 332 IP:   736 TOS:      6432 STACK[SP]:      6432 STACK[SP-1]:         0 SP:   1 INSTR: mov   ARG:         0
  DEBUG   machine:decode        TICK: 334 IP:   768 TOS:       128 STACK[SP]:       128 STACK[SP-1]:         0 SP:   1 INSTR: mov   ARG:         0
  DEBUG   machine:decode        TICK: 336 IP:   800 TOS:        49 STACK[SP]:        49 STACK[SP-1]:         0 SP:   1 INSTR: outc  ARG:         0
  DEBUG   machine:decode        TICK: 337 IP:   832 TOS:        49 STACK[SP]:        49 STACK[SP-1]:         0 SP:   1 INSTR: push  ARG:      6432
  DEBUG   machine:decode        TICK: 339 IP:   864 TOS:      6432 STACK[SP]:      6432 STACK[SP-1]:        49 SP:   2 INSTR: mov   ARG:         0
  DEBUG   machine:decode        TICK: 341 IP:   896 TOS:       128 STACK[SP]:       128 STACK[SP-1]:        49 SP:   2 INSTR: push  ARG:        32
  DEBUG   machine:decode        TICK: 343 IP:   928 TOS:        32 STACK[SP]:        32 STACK[SP-1]:       128 SP:   3 INSTR: add   ARG:         0
  DEBUG   machine:decode        TICK: 345 IP:   960 TOS:       160 STACK[SP]:       160 STACK[SP-1]:        49 SP:   2 INSTR: push  ARG:      6432
  DEBUG   machine:decode        TICK: 347 IP:   992 TOS:      6432 STACK[SP]:      6432 STACK[SP-1]:       160 SP:   3 INSTR: ld    ARG:         0
  DEBUG   machine:decode        TICK: 349 IP:  1024 TOS:      6432 STACK[SP]:      6432 STACK[SP-1]:       160 SP:   3 INSTR: pop   ARG:         0
  DEBUG   machine:decode        TICK: 351 IP:  1056 TOS:       160 STACK[SP]:       160 STACK[SP-1]:        49 SP:   2 INSTR: pop   ARG:         0
  DEBUG   machine:decode        TICK: 353 IP:  1088 TOS:        49 STACK[SP]:        49 STACK[SP-1]:         0 SP:   1 INSTR: jz    ARG:      1152
  DEBUG   machine:decode        TICK: 355 IP:  1120 TOS:         0 STACK[SP]:         0 STACK[SP-1]:         0 SP:   0 INSTR: jump  ARG:       704
  DEBUG   machine:decode        TICK: 356 IP:   704 TOS:         0 STACK[SP]:         0 STACK[SP-1]:         0 SP:   0 INSTR: push  ARG:      6432
  DEBUG   machine:decode        TICK: 358 IP:   736 TOS:      6432 STACK[SP]:      6432 STACK[SP-1]:         0 SP:   1 INSTR: mov   ARG:         0
  DEBUG   machine:decode        TICK: 360 IP:   768 TOS:       160 STACK[SP]:       160 STACK[SP-1]:         0 SP:   1 INSTR: mov   ARG:         0
  DEBUG   machine:decode        TICK: 362 IP:   800 TOS:        50 STACK[SP]:        50 STACK[SP-1]:         0 SP:   1 INSTR: outc  ARG:         0
  DEBUG   machine:decode        TICK: 363 IP:   832 TOS:        50 STACK[SP]:        50 STACK[SP-1]:         0 SP:   1 INSTR: push  ARG:      6432
  DEBUG   machine:decode        TICK: 365 IP:   864 TOS:      6432 STACK[SP]:      6432 STACK[SP-1]:        50 SP:   2 INSTR: mov   ARG:         0
  DEBUG   machine:decode        TICK: 367 IP:   896 TOS:       160 STACK[SP]:       160 STACK[SP-1]:        50 SP:   2 INSTR: push  ARG:        32
  DEBUG   machine:decode        TICK: 369 IP:   928 TOS:        32 STACK[SP]:        32 STACK[SP-1]:       160 SP:   3 INSTR: add   ARG:         0
  DEBUG   machine:decode        TICK: 371 IP:   960 TOS:       192 STACK[SP]:       192 STACK[SP-1]:        50 SP:   2 INSTR: push  ARG:      6432
  DEBUG   machine:decode        TICK: 373 IP:   992 TOS:      6432 STACK[SP]:      6432 STACK[SP-1]:       192 SP:   3 INSTR: ld    ARG:         0
  DEBUG   machine:decode        TICK: 375 IP:  1024 TOS:      6432 STACK[SP]:      6432 STACK[SP-1]:       192 SP:   3 INSTR: pop   ARG:         0
  DEBUG   machine:decode        TICK: 377 IP:  1056 TOS:       192 STACK[SP]:       192 STACK[SP-1]:        50 SP:   2 INSTR: pop   ARG:         0
  DEBUG   machine:decode        TICK: 379 IP:  1088 TOS:        50 STACK[SP]:        50 STACK[SP-1]:         0 SP:   1 INSTR: jz    ARG:      1152
  DEBUG   machine:decode        TICK: 381 IP:  1120 TOS:         0 STACK[SP]:         0 STACK[SP-1]:         0 SP:   0 INSTR: jump  ARG:       704
  DEBUG   machine:decode        TICK: 382 IP:   704 TOS:         0 STACK[SP]:         0 STACK[SP-1]:         0 SP:   0 INSTR: push  ARG:      6432
  DEBUG   machine:decode        TICK: 384 IP:   736 TOS:      6432 STACK[SP]:      6432 STACK[SP-1]:         0 SP:   1 INSTR: mov   ARG:         0
  DEBUG   machine:decode        TICK: 386 IP:   768 TOS:       192 STACK[SP]:       192 STACK[SP-1]:         0 SP:   1 INSTR: mov   ARG:         0
  DEBUG   machine:decode        TICK: 388 IP:   800 TOS:        51 STACK[SP]:        51 STACK[SP-1]:         0 SP:   1 INSTR: outc  ARG:         0
  DEBUG   machine:decode        TICK: 389 IP:   832 TOS:        51 STACK[SP]:        51 STACK[SP-1]:         0 SP:   1 INSTR: push  ARG:      6432
  DEBUG   machine:decode        TICK: 391 IP:   864 TOS:      6432 STACK[SP]:      6432 STACK[SP-1]:        51 SP:   2 INSTR: mov   ARG:         0
  DEBUG   machine:decode        TICK: 393 IP:   896 TOS:       192 STACK[SP]:       192 STACK[SP-1]:        51 SP:   2 INSTR: push  ARG:        32
  DEBUG   machine:decode        TICK: 395 IP:   928 TOS:        32 STACK[SP]:        32 STACK[SP-1]:       192 SP:   3 INSTR: add   ARG:         0
  DEBUG   machine:decode        TICK: 397 IP:   960 TOS:       224 STACK[SP]:       224 STACK[SP-1]:        51 SP:   2 INSTR: push  ARG:      6432
  DEBUG   machine:decode        TICK: 399 IP:   992 TOS:      6432 STACK[SP]:      6432 STACK[SP-1]:       224 SP:   3 INSTR: ld    ARG:         0
  DEBUG   machine:decode        TICK: 401 IP:  1024 TOS:      6432 STACK[SP]:      6432 STACK[SP-1]:       224 SP:   3 INSTR: pop   ARG:         0
  DEBUG   machine:decode        TICK: 403 IP:  1056 TOS:       224 STACK[SP]:       224 STACK[SP-1]:        51 SP:   2 INSTR: pop   ARG:         0
  DEBUG   machine:decode        TICK: 405 IP:  1088 TOS:        51 STACK[SP]:        51 STACK[SP-1]:         0 SP:   1 INSTR: jz    ARG:      1152
  DEBUG   machine:decode        TICK: 407 IP:  1120 TOS:         0 STACK[SP]:         0 STACK[SP-1]:         0 SP:   0 INSTR: jump  ARG:       704
  DEBUG   machine:decode        TICK: 408 IP:   704 TOS:         0 STACK[SP]:         0 STACK[SP-1]:         0 SP:   0 INSTR: push  ARG:      6432
  DEBUG   machine:decode        TICK: 410 IP:   736 TOS:      6432 STACK[SP]:      6432 STACK[SP-1]:         0 SP:   1 INSTR: mov   ARG:         0
  DEBUG   machine:decode        TICK: 412 IP:   768 TOS:       224 STACK[SP]:       224 STACK[SP-1]:         0 SP:   1 INSTR: mov   ARG:         0
  DEBUG   machine:decode        TICK: 414 IP:   800 TOS:        10 STACK[SP]:        10 STACK[SP-1]:         0 SP:   1 INSTR: outc  ARG:         0
  DEBUG   machine:decode        TICK: 415 IP:   832 TOS:        10 STACK[SP]:        10 STACK[SP-1]:         0 SP:   1 INSTR: push  ARG:      6432
  DEBUG   machine:decode        TICK: 417 IP:   864 TOS:      6432 STACK[SP]:      6432 STACK[SP-1]:        10 SP:   2 INSTR: mov   ARG:         0
  DEBUG   machine:decode        TICK: 419 IP:   896 TOS:       224 STACK[SP]:       224 STACK[SP-1]:        10 SP:   2 INSTR: push  ARG:        32
  DEBUG   machine:decode        TICK: 421 IP:   928 TOS:        32 STACK[SP]:        32 STACK[SP-1]:       224 SP:   3 INSTR: add   ARG:         0
  DEBUG   machine:decode        TICK: 423 IP:   960 TOS:       256 STACK[SP]:       256 STACK[SP-1]:        10 SP:   2 INSTR: push  ARG:      6432
  DEBUG   machine:decode        TICK: 425 IP:   992 TOS:      6432 STACK[SP]:      6432 STACK[SP-1]:       256 SP:   3 INSTR: ld    ARG:         0
  DEBUG   machine:decode        TICK: 427 IP:  1024 TOS:      6432 STACK[SP]:      6432 STACK[SP-1]:       256 SP:   3 INSTR: pop   ARG:         0
  DEBUG   machine:decode        TICK: 429 IP:  1056 TOS:       256 STACK[SP]:       256 STACK[SP-1]:        10 SP:   2 INSTR: pop   ARG:         0
  DEBUG   machine:decode        TICK: 431 IP:  1088 TOS:        10 STACK[SP]:        10 STACK[SP-1]:         0 SP:   1 INSTR: jz    ARG:      1152
  DEBUG   machine:decode        TICK: 433 IP:  1120 TOS:         0 STACK[SP]:         0 STACK[SP-1]:         0 SP:   0 INSTR: jump  ARG:       704
  DEBUG   machine:decode        TICK: 434 IP:   704 TOS:         0 STACK[SP]:         0 STACK[SP-1]:         0 SP:   0 INSTR: push  ARG:      6432
  DEBUG   machine:decode        TICK: 436 IP:   736 TOS:      6432 STACK[SP]:      6432 STACK[SP-1]:         0 SP:   1 INSTR: mov   ARG:         0
  DEBUG   machine:decode        TICK: 438 IP:   768 TOS:       256 STACK[SP]:       256 STACK[SP-1]:         0 SP:   1 INSTR: mov   ARG:         0
  DEBUG   machine:decode        TICK: 440 IP:   800 TOS:         0 STACK[SP]:         0 STACK[SP-1]:         0 SP:   1 INSTR: outc  ARG:         0
  DEBUG   machine:decode        TICK: 441 IP:   832 TOS:         0 STACK[SP]:         0 STACK[SP-1]:         0 SP:   1 INSTR: push  ARG:      6432
  DEBUG   machine:decode        TICK: 443 IP:   864 TOS:      6432 STACK[SP]:      6432 STACK[SP-1]:         0 SP:   2 INSTR: mov   ARG:         0
  DEBUG   machine:decode        TICK: 445 IP:   896 TOS:       256 STACK[SP]:       256 STACK[SP-1]:         0 SP:   2 INSTR: push  ARG:        32
  DEBUG   machine:decode        TICK: 447 IP:   928 TOS:        32 STACK[SP]:        32 STACK[SP-1]:       256 SP:   3 INSTR: add   ARG:         0
  DEBUG   machine:decode        TICK: 449 IP:   960 TOS:       288 STACK[SP]:       288 STACK[SP-1]:         0 SP:   2 INSTR: push  ARG:      6432
  DEBUG   machine:decode        TICK: 451 IP:   992 TOS:      6432 STACK[SP]:      6432 STACK[SP-1]:       288 SP:   3 INSTR: ld    ARG:         0
  DEBUG   machine:decode        TICK: 453 IP:  1024 TOS:      6432 STACK[SP]:      6432 STACK[SP-1]:       288 SP:   3 INSTR: pop   ARG:         0
  DEBUG   machine:decode        TICK: 455 IP:  1056 TOS:       288 STACK[SP]:       288 STACK[SP-1]:         0 SP:   2 INSTR: pop   ARG:         0
  DEBUG   machine:decode        TICK: 457 IP:  1088 TOS:         0 STACK[SP]:         0 STACK[SP-1]:         0 SP:   1 INSTR: jz    ARG:      1152
  DEBUG   machine:decode        TICK: 459 IP:  1152 TOS:         0 STACK[SP]:         0 STACK[SP-1]:         0 SP:   0 INSTR: hlt   ARG:         0
out_bincode:
- 268435456
- 268441856
- 1073741824
- 536870912
- 536870912
- 1879048192
- 268441856
- 805306368
- 1073741824
- 268435488
- 2952790016
- 268441856
- 1073741824
- 536870912
- 536870912
- 2415919648
- 2684354720
- 268435456
- 268441888
- 1073741824
- 536870912
- 536870912
- 268441888
- 805306368
- 805306368
- 1342177280
- 268441888
- 805306368
- 268435488
- 2952790016
- 268441888
- 1073741824
- 536870912
- 536870912
- 2415920256
- 2684355264
out_mnemonics:
- push 0
- push 6400
- ld 0
- pop 0
- pop 0
- inp 0
- push 6400
- mov 0
- ld 0
- push 32
- add 0
- push 6400
- ld 0
- pop 0
- pop 0
- jz 544
- jump 160
- push 0
- push 6432
- ld 0
- pop 0
- pop 0
- push 6432
- mov 0
- mov 0
- outc 0
- push 6432
- mov 0
- push 32
- add 0
- push 6432
- ld 0
- pop 0
- pop 0
- jz 1152
- jump 704
