in_source: |
 (prints "Hello, world!")


in_stdin: |
  pass
out_stdout: |
  ============================================================
  [72, 101, 108, 108, 111, 44, 32, 119, 111, 114, 108, 100, 33, 0]