in_source: |
  (prints "Hello, what is your name? ")
  (setq name read)
  (prints "Hello, ")
  (prints name)

in_stdin: |
  Kostya
out_stdout: |-
  ============================================================
  [72, 101, 108, 108, 111, 44, 32, 119, 104, 97, 116, 32, 105, 115, 32, 121, 111, 117, 114, 32, 110, 97, 109, 101, 63, 32, 0, 72, 101, 108, 108, 111, 44, 32, 0, 0]
